src/pages/Maternity.tsx(13,10): error TS2559: Type '{ children: Element; }' has no properties in common with type 'IntrinsicAttributes'.
src/pages/Optical.tsx(13,10): error TS2559: Type '{ children: Element; }' has no properties in common with type 'IntrinsicAttributes'.
src/services/patientService.ts(16,59): error TS2769: No overload matches this call.
  Overload 1 of 2, '(values: never, options?: { count?: "exact" | "planned" | "estimated"; }): PostgrestFilterBuilder<{ PostgrestVersion: "12"; }, never, never, null, "patients", never, "POST">', gave the following error.
    Argument of type '{ patient_number: string; full_name: string; date_of_birth: string; age: number; sex: string; phone: string; email: string; address: string; city: string; blood_group: string; insurance_company: string; insurance_number: string; insurance_status: "none" | ... 1 more ... | "expired"; patient_type: "outpatient" | "inp...' is not assignable to parameter of type 'never'.
  Overload 2 of 2, '(values: never[], options?: { count?: "exact" | "planned" | "estimated"; defaultToNull?: boolean; }): PostgrestFilterBuilder<{ PostgrestVersion: "12"; }, never, never, null, "patients", never, "POST">', gave the following error.
    Type '{ patient_number: string; full_name: string; date_of_birth: string; age: number; sex: string; phone: string; email: string; address: string; city: string; blood_group: string; insurance_company: string; insurance_number: string; insurance_status: "none" | ... 1 more ... | "expired"; patient_type: "outpatient" | "inp...' is not assignable to type 'never'.
